nohup: ignoring input
> Task :compileJava UP-TO-DATE
> Task :processResources
> Task :classes
> Task :resolveMainClassName

> Task :bootRun

  .   ____          _            __ _ _
 /\\ / ___'_ __ _ _(_)_ __  __ _ \ \ \ \
( ( )\___ | '_ | '_| | '_ \/ _` | \ \ \ \
 \\/  ___)| |_)| | | | | || (_| |  ) ) ) )
  '  |____| .__|_| |_|_| |_\__, | / / / /
 =========|_|==============|___/=/_/_/_/

[32m :: Spring Boot :: [39m              [2m (v3.3.3)[0;39m

[2m2025-08-19T00:07:15.489+07:00[0;39m [32m INFO[0;39m [35m61127[0;39m [2m---[0;39m [2m[  restartedMain][0;39m [2m[0;39m[36mcom.pos.phukrit.PhukritApplication      [0;39m [2m:[0;39m Starting PhukritApplication using Java 21.0.8 with PID 61127 (/home/phukritk/myCode/Spring-Boot-PoS/build/classes/java/main started by phukritk in /home/phukritk/myCode/Spring-Boot-PoS)
[2m2025-08-19T00:07:15.490+07:00[0;39m [32m INFO[0;39m [35m61127[0;39m [2m---[0;39m [2m[  restartedMain][0;39m [2m[0;39m[36mcom.pos.phukrit.PhukritApplication      [0;39m [2m:[0;39m No active profile set, falling back to 1 default profile: "default"
[2m2025-08-19T00:07:15.511+07:00[0;39m [32m INFO[0;39m [35m61127[0;39m [2m---[0;39m [2m[  restartedMain][0;39m [2m[0;39m[36m.e.DevToolsPropertyDefaultsPostProcessor[0;39m [2m:[0;39m Devtools property defaults active! Set 'spring.devtools.add-properties' to 'false' to disable
[2m2025-08-19T00:07:15.511+07:00[0;39m [32m INFO[0;39m [35m61127[0;39m [2m---[0;39m [2m[  restartedMain][0;39m [2m[0;39m[36m.e.DevToolsPropertyDefaultsPostProcessor[0;39m [2m:[0;39m For additional web related logging consider setting the 'logging.level.web' property to 'DEBUG'
[2m2025-08-19T00:07:15.809+07:00[0;39m [32m INFO[0;39m [35m61127[0;39m [2m---[0;39m [2m[  restartedMain][0;39m [2m[0;39m[36m.s.d.r.c.RepositoryConfigurationDelegate[0;39m [2m:[0;39m Bootstrapping Spring Data JPA repositories in DEFAULT mode.
[2m2025-08-19T00:07:15.841+07:00[0;39m [32m INFO[0;39m [35m61127[0;39m [2m---[0;39m [2m[  restartedMain][0;39m [2m[0;39m[36m.s.d.r.c.RepositoryConfigurationDelegate[0;39m [2m:[0;39m Finished Spring Data repository scanning in 29 ms. Found 5 JPA repository interfaces.
[2m2025-08-19T00:07:16.135+07:00[0;39m [32m INFO[0;39m [35m61127[0;39m [2m---[0;39m [2m[  restartedMain][0;39m [2m[0;39m[36mo.s.b.w.embedded.tomcat.TomcatWebServer [0;39m [2m:[0;39m Tomcat initialized with port 8080 (http)
[2m2025-08-19T00:07:16.142+07:00[0;39m [32m INFO[0;39m [35m61127[0;39m [2m---[0;39m [2m[  restartedMain][0;39m [2m[0;39m[36mo.apache.catalina.core.StandardService  [0;39m [2m:[0;39m Starting service [Tomcat]
[2m2025-08-19T00:07:16.143+07:00[0;39m [32m INFO[0;39m [35m61127[0;39m [2m---[0;39m [2m[  restartedMain][0;39m [2m[0;39m[36mo.apache.catalina.core.StandardEngine   [0;39m [2m:[0;39m Starting Servlet engine: [Apache Tomcat/10.1.28]
[2m2025-08-19T00:07:16.160+07:00[0;39m [32m INFO[0;39m [35m61127[0;39m [2m---[0;39m [2m[  restartedMain][0;39m [2m[0;39m[36mo.a.c.c.C.[Tomcat].[localhost].[/]      [0;39m [2m:[0;39m Initializing Spring embedded WebApplicationContext
[2m2025-08-19T00:07:16.160+07:00[0;39m [32m INFO[0;39m [35m61127[0;39m [2m---[0;39m [2m[  restartedMain][0;39m [2m[0;39m[36mw.s.c.ServletWebServerApplicationContext[0;39m [2m:[0;39m Root WebApplicationContext: initialization completed in 649 ms
[2m2025-08-19T00:07:16.181+07:00[0;39m [32m INFO[0;39m [35m61127[0;39m [2m---[0;39m [2m[  restartedMain][0;39m [2m[0;39m[36mcom.zaxxer.hikari.HikariDataSource      [0;39m [2m:[0;39m HikariPool-1 - Starting...
[2m2025-08-19T00:07:16.258+07:00[0;39m [32m INFO[0;39m [35m61127[0;39m [2m---[0;39m [2m[  restartedMain][0;39m [2m[0;39m[36mcom.zaxxer.hikari.pool.HikariPool       [0;39m [2m:[0;39m HikariPool-1 - Added connection conn0: url=jdbc:h2:mem:a31f66b2-1473-48c7-a2fd-9e6d2ed24132 user=SA
[2m2025-08-19T00:07:16.259+07:00[0;39m [32m INFO[0;39m [35m61127[0;39m [2m---[0;39m [2m[  restartedMain][0;39m [2m[0;39m[36mcom.zaxxer.hikari.HikariDataSource      [0;39m [2m:[0;39m HikariPool-1 - Start completed.
[2m2025-08-19T00:07:16.264+07:00[0;39m [32m INFO[0;39m [35m61127[0;39m [2m---[0;39m [2m[  restartedMain][0;39m [2m[0;39m[36mo.s.b.a.h2.H2ConsoleAutoConfiguration   [0;39m [2m:[0;39m H2 console available at '/h2-console'. Database available at 'jdbc:h2:mem:a31f66b2-1473-48c7-a2fd-9e6d2ed24132'
[2m2025-08-19T00:07:16.321+07:00[0;39m [32m INFO[0;39m [35m61127[0;39m [2m---[0;39m [2m[  restartedMain][0;39m [2m[0;39m[36mo.hibernate.jpa.internal.util.LogHelper [0;39m [2m:[0;39m HHH000204: Processing PersistenceUnitInfo [name: default]
[2m2025-08-19T00:07:16.341+07:00[0;39m [32m INFO[0;39m [35m61127[0;39m [2m---[0;39m [2m[  restartedMain][0;39m [2m[0;39m[36morg.hibernate.Version                   [0;39m [2m:[0;39m HHH000412: Hibernate ORM core version 6.5.2.Final
[2m2025-08-19T00:07:16.353+07:00[0;39m [32m INFO[0;39m [35m61127[0;39m [2m---[0;39m [2m[  restartedMain][0;39m [2m[0;39m[36mo.h.c.internal.RegionFactoryInitiator   [0;39m [2m:[0;39m HHH000026: Second-level cache disabled
[2m2025-08-19T00:07:16.463+07:00[0;39m [32m INFO[0;39m [35m61127[0;39m [2m---[0;39m [2m[  restartedMain][0;39m [2m[0;39m[36mo.s.o.j.p.SpringPersistenceUnitInfo     [0;39m [2m:[0;39m No LoadTimeWeaver setup: ignoring JPA class transformer
[2m2025-08-19T00:07:16.481+07:00[0;39m [33m WARN[0;39m [35m61127[0;39m [2m---[0;39m [2m[  restartedMain][0;39m [2m[0;39m[36morg.hibernate.orm.deprecation           [0;39m [2m:[0;39m HHH90000025: H2Dialect does not need to be specified explicitly using 'hibernate.dialect' (remove the property setting and it will be selected by default)
[2m2025-08-19T00:07:16.959+07:00[0;39m [32m INFO[0;39m [35m61127[0;39m [2m---[0;39m [2m[  restartedMain][0;39m [2m[0;39m[36mo.h.e.t.j.p.i.JtaPlatformInitiator      [0;39m [2m:[0;39m HHH000489: No JTA platform available (set 'hibernate.transaction.jta.platform' to enable JTA platform integration)
[2m2025-08-19T00:07:16.965+07:00[0;39m [32mDEBUG[0;39m [35m61127[0;39m [2m---[0;39m [2m[  restartedMain][0;39m [2m[0;39m[36morg.hibernate.SQL                       [0;39m [2m:[0;39m drop table if exists categories cascade 
Hibernate: drop table if exists categories cascade 
[2m2025-08-19T00:07:16.967+07:00[0;39m [32mDEBUG[0;39m [35m61127[0;39m [2m---[0;39m [2m[  restartedMain][0;39m [2m[0;39m[36morg.hibernate.SQL                       [0;39m [2m:[0;39m drop table if exists order_items cascade 
Hibernate: drop table if exists order_items cascade 
[2m2025-08-19T00:07:16.967+07:00[0;39m [32mDEBUG[0;39m [35m61127[0;39m [2m---[0;39m [2m[  restartedMain][0;39m [2m[0;39m[36morg.hibernate.SQL                       [0;39m [2m:[0;39m drop table if exists orders cascade 
Hibernate: drop table if exists orders cascade 
[2m2025-08-19T00:07:16.967+07:00[0;39m [32mDEBUG[0;39m [35m61127[0;39m [2m---[0;39m [2m[  restartedMain][0;39m [2m[0;39m[36morg.hibernate.SQL                       [0;39m [2m:[0;39m drop table if exists products cascade 
Hibernate: drop table if exists products cascade 
[2m2025-08-19T00:07:16.967+07:00[0;39m [32mDEBUG[0;39m [35m61127[0;39m [2m---[0;39m [2m[  restartedMain][0;39m [2m[0;39m[36morg.hibernate.SQL                       [0;39m [2m:[0;39m drop table if exists users cascade 
Hibernate: drop table if exists users cascade 
[2m2025-08-19T00:07:16.970+07:00[0;39m [32mDEBUG[0;39m [35m61127[0;39m [2m---[0;39m [2m[  restartedMain][0;39m [2m[0;39m[36morg.hibernate.SQL                       [0;39m [2m:[0;39m create table categories (id bigint generated by default as identity, description varchar(255), name varchar(255) not null unique, primary key (id))
Hibernate: create table categories (id bigint generated by default as identity, description varchar(255), name varchar(255) not null unique, primary key (id))
[2m2025-08-19T00:07:16.976+07:00[0;39m [32mDEBUG[0;39m [35m61127[0;39m [2m---[0;39m [2m[  restartedMain][0;39m [2m[0;39m[36morg.hibernate.SQL                       [0;39m [2m:[0;39m create table order_items (quantity integer not null, total_price numeric(10,2) not null, unit_price numeric(10,2) not null, id bigint generated by default as identity, order_id bigint not null, product_id bigint not null, primary key (id))
Hibernate: create table order_items (quantity integer not null, total_price numeric(10,2) not null, unit_price numeric(10,2) not null, id bigint generated by default as identity, order_id bigint not null, product_id bigint not null, primary key (id))
[2m2025-08-19T00:07:16.977+07:00[0;39m [32mDEBUG[0;39m [35m61127[0;39m [2m---[0;39m [2m[  restartedMain][0;39m [2m[0;39m[36morg.hibernate.SQL                       [0;39m [2m:[0;39m create table orders (total_amount numeric(10,2) not null, id bigint generated by default as identity, order_date timestamp(6) not null, user_id bigint, status enum ('CANCELLED','COMPLETED','CONFIRMED','PENDING','PROCESSING') not null, primary key (id))
Hibernate: create table orders (total_amount numeric(10,2) not null, id bigint generated by default as identity, order_date timestamp(6) not null, user_id bigint, status enum ('CANCELLED','COMPLETED','CONFIRMED','PENDING','PROCESSING') not null, primary key (id))
[2m2025-08-19T00:07:16.978+07:00[0;39m [32mDEBUG[0;39m [35m61127[0;39m [2m---[0;39m [2m[  restartedMain][0;39m [2m[0;39m[36morg.hibernate.SQL                       [0;39m [2m:[0;39m create table products (price numeric(10,2) not null, stock_quantity integer not null, category_id bigint, id bigint generated by default as identity, description varchar(255), name varchar(255) not null, primary key (id))
Hibernate: create table products (price numeric(10,2) not null, stock_quantity integer not null, category_id bigint, id bigint generated by default as identity, description varchar(255), name varchar(255) not null, primary key (id))
[2m2025-08-19T00:07:16.978+07:00[0;39m [32mDEBUG[0;39m [35m61127[0;39m [2m---[0;39m [2m[  restartedMain][0;39m [2m[0;39m[36morg.hibernate.SQL                       [0;39m [2m:[0;39m create table users (id bigint generated by default as identity, name varchar(255), password varchar(255), username varchar(255), role enum ('ADMIN','CUSTOMER','STAFF'), primary key (id))
Hibernate: create table users (id bigint generated by default as identity, name varchar(255), password varchar(255), username varchar(255), role enum ('ADMIN','CUSTOMER','STAFF'), primary key (id))
[2m2025-08-19T00:07:16.979+07:00[0;39m [32mDEBUG[0;39m [35m61127[0;39m [2m---[0;39m [2m[  restartedMain][0;39m [2m[0;39m[36morg.hibernate.SQL                       [0;39m [2m:[0;39m alter table if exists order_items add constraint FKbioxgbv59vetrxe0ejfubep1w foreign key (order_id) references orders
Hibernate: alter table if exists order_items add constraint FKbioxgbv59vetrxe0ejfubep1w foreign key (order_id) references orders
[2m2025-08-19T00:07:16.985+07:00[0;39m [32mDEBUG[0;39m [35m61127[0;39m [2m---[0;39m [2m[  restartedMain][0;39m [2m[0;39m[36morg.hibernate.SQL                       [0;39m [2m:[0;39m alter table if exists order_items add constraint FKocimc7dtr037rh4ls4l95nlfi foreign key (product_id) references products
Hibernate: alter table if exists order_items add constraint FKocimc7dtr037rh4ls4l95nlfi foreign key (product_id) references products
[2m2025-08-19T00:07:16.986+07:00[0;39m [32mDEBUG[0;39m [35m61127[0;39m [2m---[0;39m [2m[  restartedMain][0;39m [2m[0;39m[36morg.hibernate.SQL                       [0;39m [2m:[0;39m alter table if exists orders add constraint FK32ql8ubntj5uh44ph9659tiih foreign key (user_id) references users
Hibernate: alter table if exists orders add constraint FK32ql8ubntj5uh44ph9659tiih foreign key (user_id) references users
[2m2025-08-19T00:07:16.987+07:00[0;39m [32mDEBUG[0;39m [35m61127[0;39m [2m---[0;39m [2m[  restartedMain][0;39m [2m[0;39m[36morg.hibernate.SQL                       [0;39m [2m:[0;39m alter table if exists products add constraint FKog2rp4qthbtt2lfyhfo32lsw9 foreign key (category_id) references categories
Hibernate: alter table if exists products add constraint FKog2rp4qthbtt2lfyhfo32lsw9 foreign key (category_id) references categories
[2m2025-08-19T00:07:16.990+07:00[0;39m [32m INFO[0;39m [35m61127[0;39m [2m---[0;39m [2m[  restartedMain][0;39m [2m[0;39m[36mj.LocalContainerEntityManagerFactoryBean[0;39m [2m:[0;39m Initialized JPA EntityManagerFactory for persistence unit 'default'
[2m2025-08-19T00:07:17.186+07:00[0;39m [32m INFO[0;39m [35m61127[0;39m [2m---[0;39m [2m[  restartedMain][0;39m [2m[0;39m[36meAuthenticationProviderManagerConfigurer[0;39m [2m:[0;39m Global AuthenticationManager configured with AuthenticationProvider bean with name authenticationProvider
[2m2025-08-19T00:07:17.186+07:00[0;39m [33m WARN[0;39m [35m61127[0;39m [2m---[0;39m [2m[  restartedMain][0;39m [2m[0;39m[36mr$InitializeUserDetailsManagerConfigurer[0;39m [2m:[0;39m Global AuthenticationManager configured with an AuthenticationProvider bean. UserDetailsService beans will not be used for username/password login. Consider removing the AuthenticationProvider bean. Alternatively, consider using the UserDetailsService in a manually instantiated DaoAuthenticationProvider.
[2m2025-08-19T00:07:17.275+07:00[0;39m [33m WARN[0;39m [35m61127[0;39m [2m---[0;39m [2m[  restartedMain][0;39m [2m[0;39m[36mJpaBaseConfiguration$JpaWebConfiguration[0;39m [2m:[0;39m spring.jpa.open-in-view is enabled by default. Therefore, database queries may be performed during view rendering. Explicitly configure spring.jpa.open-in-view to disable this warning
[2m2025-08-19T00:07:17.319+07:00[0;39m [32m INFO[0;39m [35m61127[0;39m [2m---[0;39m [2m[  restartedMain][0;39m [2m[0;39m[36mo.s.b.a.w.s.WelcomePageHandlerMapping   [0;39m [2m:[0;39m Adding welcome page: class path resource [static/index.html]
[2m2025-08-19T00:07:17.598+07:00[0;39m [32m INFO[0;39m [35m61127[0;39m [2m---[0;39m [2m[  restartedMain][0;39m [2m[0;39m[36mo.s.b.d.a.OptionalLiveReloadServer      [0;39m [2m:[0;39m LiveReload server is running on port 35729
[2m2025-08-19T00:07:17.612+07:00[0;39m [32m INFO[0;39m [35m61127[0;39m [2m---[0;39m [2m[  restartedMain][0;39m [2m[0;39m[36mo.s.b.w.embedded.tomcat.TomcatWebServer [0;39m [2m:[0;39m Tomcat started on port 8080 (http) with context path '/'
[2m2025-08-19T00:07:17.617+07:00[0;39m [32m INFO[0;39m [35m61127[0;39m [2m---[0;39m [2m[  restartedMain][0;39m [2m[0;39m[36mcom.pos.phukrit.PhukritApplication      [0;39m [2m:[0;39m Started PhukritApplication in 2.289 seconds (process running for 2.467)
[2m2025-08-19T00:07:38.503+07:00[0;39m [32m INFO[0;39m [35m61127[0;39m [2m---[0;39m [2m[nio-8080-exec-1][0;39m [2m[0;39m[36mo.a.c.c.C.[Tomcat].[localhost].[/]      [0;39m [2m:[0;39m Initializing Spring DispatcherServlet 'dispatcherServlet'
[2m2025-08-19T00:07:38.503+07:00[0;39m [32m INFO[0;39m [35m61127[0;39m [2m---[0;39m [2m[nio-8080-exec-1][0;39m [2m[0;39m[36mo.s.web.servlet.DispatcherServlet       [0;39m [2m:[0;39m Initializing Servlet 'dispatcherServlet'
[2m2025-08-19T00:07:38.504+07:00[0;39m [32m INFO[0;39m [35m61127[0;39m [2m---[0;39m [2m[nio-8080-exec-1][0;39m [2m[0;39m[36mo.s.web.servlet.DispatcherServlet       [0;39m [2m:[0;39m Completed initialization in 1 ms
[2m2025-08-19T00:07:38.636+07:00[0;39m [32mDEBUG[0;39m [35m61127[0;39m [2m---[0;39m [2m[nio-8080-exec-1][0;39m [2m[0;39m[36morg.hibernate.SQL                       [0;39m [2m:[0;39m insert into users (name,password,role,username,id) values (?,?,?,?,default)
Hibernate: insert into users (name,password,role,username,id) values (?,?,?,?,default)
[2m2025-08-19T00:07:43.662+07:00[0;39m [32mDEBUG[0;39m [35m61127[0;39m [2m---[0;39m [2m[nio-8080-exec-2][0;39m [2m[0;39m[36morg.hibernate.SQL                       [0;39m [2m:[0;39m select um1_0.id,um1_0.name,um1_0.password,um1_0.role,um1_0.username from users um1_0 where um1_0.username=?
Hibernate: select um1_0.id,um1_0.name,um1_0.password,um1_0.role,um1_0.username from users um1_0 where um1_0.username=?
[2m2025-08-19T00:07:43.671+07:00[0;39m [33m WARN[0;39m [35m61127[0;39m [2m---[0;39m [2m[nio-8080-exec-2][0;39m [2m[0;39m[36m.m.m.a.ExceptionHandlerExceptionResolver[0;39m [2m:[0;39m Resolved [java.lang.Exception: Invalid username or password]
[2m2025-08-19T00:07:48.113+07:00[0;39m [32m INFO[0;39m [35m61127[0;39m [2m---[0;39m [2m[ionShutdownHook][0;39m [2m[0;39m[36mj.LocalContainerEntityManagerFactoryBean[0;39m [2m:[0;39m Closing JPA EntityManagerFactory for persistence unit 'default'
[2m2025-08-19T00:07:48.114+07:00[0;39m [32mDEBUG[0;39m [35m61127[0;39m [2m---[0;39m [2m[ionShutdownHook][0;39m [2m[0;39m[36morg.hibernate.SQL                       [0;39m [2m:[0;39m drop table if exists categories cascade 
Hibernate: drop table if exists categories cascade 
[2m2025-08-19T00:07:48.115+07:00[0;39m [32mDEBUG[0;39m [35m61127[0;39m [2m---[0;39m [2m[ionShutdownHook][0;39m [2m[0;39m[36morg.hibernate.SQL                       [0;39m [2m:[0;39m drop table if exists order_items cascade 
Hibernate: drop table if exists order_items cascade 
[2m2025-08-19T00:07:48.115+07:00[0;39m [32mDEBUG[0;39m [35m61127[0;39m [2m---[0;39m [2m[ionShutdownHook][0;39m [2m[0;39m[36morg.hibernate.SQL                       [0;39m [2m:[0;39m drop table if exists orders cascade 
Hibernate: drop table if exists orders cascade 
[2m2025-08-19T00:07:48.116+07:00[0;39m [32mDEBUG[0;39m [35m61127[0;39m [2m---[0;39m [2m[ionShutdownHook][0;39m [2m[0;39m[36morg.hibernate.SQL                       [0;39m [2m:[0;39m drop table if exists products cascade 
Hibernate: drop table if exists products cascade 
[2m2025-08-19T00:07:48.116+07:00[0;39m [32mDEBUG[0;39m [35m61127[0;39m [2m---[0;39m [2m[ionShutdownHook][0;39m [2m[0;39m[36morg.hibernate.SQL                       [0;39m [2m:[0;39m drop table if exists users cascade 
Hibernate: drop table if exists users cascade 
[2m2025-08-19T00:07:48.119+07:00[0;39m [33m WARN[0;39m [35m61127[0;39m [2m---[0;39m [2m[ionShutdownHook][0;39m [2m[0;39m[36mo.s.b.f.support.DisposableBeanAdapter   [0;39m [2m:[0;39m Invocation of destroy method failed on bean with name 'inMemoryDatabaseShutdownExecutor': org.h2.jdbc.JdbcSQLNonTransientConnectionException: Database is already closed (to disable automatic closing at VM shutdown, add ";DB_CLOSE_ON_EXIT=FALSE" to the db URL) [90121-224]
[2m2025-08-19T00:07:48.119+07:00[0;39m [32m INFO[0;39m [35m61127[0;39m [2m---[0;39m [2m[ionShutdownHook][0;39m [2m[0;39m[36mcom.zaxxer.hikari.HikariDataSource      [0;39m [2m:[0;39m HikariPool-1 - Shutdown initiated...
[2m2025-08-19T00:07:48.120+07:00[0;39m [32m INFO[0;39m [35m61127[0;39m [2m---[0;39m [2m[ionShutdownHook][0;39m [2m[0;39m[36mcom.zaxxer.hikari.HikariDataSource      [0;39m [2m:[0;39m HikariPool-1 - Shutdown completed.

> Task :bootRun FAILED

FAILURE: Build failed with an exception.

* What went wrong:
Execution failed for task ':bootRun'.
> Process 'command '/home/phukritk/.gradle/jdks/eclipse_adoptium-21-amd64-linux.2/bin/java'' finished with non-zero exit value 143

* Try:
> Run with --stacktrace option to get the stack trace.
> Run with --info or --debug option to get more log output.
> Run with --scan to get full insights.
> Get more help at https://help.gradle.org.

BUILD FAILED in 34s
4 actionable tasks: 3 executed, 1 up-to-date
